Repo,Stars,Created,Description
terraform-google-bar,5,2021-01-03,lorem ipsom
terraform-google-foo,10,2022-11-03,
terraform-foo,10,2022-11-03,
